// Jest Snapshot v1, https://goo.gl/fbAQLP

exports[`facets should return workingSQL fragments 1`] = `
{
  "Altenwerth LLC": 2,
  "Bauch - Leannon": 2,
  "Beier Group": 2,
  "Dibbert - O'Kon": 2,
  "Dibbert LLC": 2,
  "Donnelly - Klocko": 2,
  "Emmerich and Sons": 2,
  "Schuster Group": 2,
  "Sipes, O'Connell and Dooley": 2,
  "Stracke and Sons": 2,
}
`;

exports[`facets should return workingSQL fragments 2`] = `
{
  "11": 6,
  "15": 5,
  "18": 5,
  "20": 4,
  "22": 4,
  "23": 5,
  "27": 7,
  "30": 5,
  "31": 4,
  "40": 5,
}
`;

exports[`facets should return workingSQL fragments 3`] = `
{
  "avg": 24.26,
  "max": 40,
  "min": 10,
  "sum": 2426,
}
`;
