// Jest Snapshot v1, https://goo.gl/fbAQLP

exports[`facets should return workingSQL fragments 1`] = `
{
  "Abshire - Carroll": 2,
  "Hayes - Kutch": 2,
  "Hickle - Bins": 2,
  "Kessler Inc": 2,
  "Langworth, Kuvalis and Kohler": 2,
  "Littel, Borer and Bergstrom": 2,
  "Murphy and Sons": 2,
  "O'Keefe, Ullrich and Heller": 2,
  "Powlowski, Brekke and Hamill": 2,
  "Smitham Group": 2,
}
`;

exports[`facets should return workingSQL fragments 2`] = `
{
  "12": 7,
  "13": 6,
  "14": 5,
  "19": 4,
  "22": 4,
  "24": 6,
  "27": 5,
  "29": 4,
  "31": 4,
  "38": 4,
}
`;

exports[`facets should return workingSQL fragments 3`] = `
{
  "avg": 23.81,
  "max": 40,
  "min": 10,
  "sum": 2381,
}
`;
